Archive member included because of file (symbol)

c:/program files (x86)/gnu tools arm embedded/4.7 2013q2/bin/../lib/gcc/arm-none-eabi/4.7.4/armv6-m\libgcc.a(_udivsi3.o)
                              ..\obj\Simple_ADC.o (__aeabi_uidiv)
c:/program files (x86)/gnu tools arm embedded/4.7 2013q2/bin/../lib/gcc/arm-none-eabi/4.7.4/armv6-m\libgcc.a(_divsi3.o)
                              ..\obj\Simple_ADC.o (__aeabi_idiv)
c:/program files (x86)/gnu tools arm embedded/4.7 2013q2/bin/../lib/gcc/arm-none-eabi/4.7.4/armv6-m\libgcc.a(_dvmd_tls.o)
                              c:/program files (x86)/gnu tools arm embedded/4.7 2013q2/bin/../lib/gcc/arm-none-eabi/4.7.4/armv6-m\libgcc.a(_udivsi3.o) (__aeabi_idiv0)
c:/program files (x86)/gnu tools arm embedded/4.7 2013q2/bin/../lib/gcc/arm-none-eabi/4.7.4/armv6-m\libgcc.a(divdf3.o)
                              ..\obj\Simple_ADC.o (__aeabi_ddiv)
c:/program files (x86)/gnu tools arm embedded/4.7 2013q2/bin/../lib/gcc/arm-none-eabi/4.7.4/armv6-m\libgcc.a(muldf3.o)
                              ..\obj\Simple_ADC.o (__aeabi_dmul)
c:/program files (x86)/gnu tools arm embedded/4.7 2013q2/bin/../lib/gcc/arm-none-eabi/4.7.4/armv6-m\libgcc.a(fixdfsi.o)
                              ..\obj\Simple_ADC.o (__aeabi_d2iz)
c:/program files (x86)/gnu tools arm embedded/4.7 2013q2/bin/../lib/gcc/arm-none-eabi/4.7.4/armv6-m\libgcc.a(floatsidf.o)
                              ..\obj\Simple_ADC.o (__aeabi_i2d)
c:/program files (x86)/gnu tools arm embedded/4.7 2013q2/bin/../lib/gcc/arm-none-eabi/4.7.4/armv6-m\libgcc.a(_clzsi2.o)
                              c:/program files (x86)/gnu tools arm embedded/4.7 2013q2/bin/../lib/gcc/arm-none-eabi/4.7.4/armv6-m\libgcc.a(divdf3.o) (__clzsi2)

Discarded input sections

 .text          0x00000000        0x0 ..\obj\Simple_ADC.o
 .data          0x00000000        0x0 ..\obj\Simple_ADC.o
 .bss           0x00000000        0x0 ..\obj\Simple_ADC.o
 .text          0x00000000        0x0 ..\obj\system_LPC11xx.o
 .bss           0x00000000        0x0 ..\obj\system_LPC11xx.o
 .text.USB_PLL_Setup
                0x00000000       0xc0 ..\obj\system_LPC11xx.o
 .text          0x00000000        0x0 ..\obj\main.o
 .data          0x00000000        0x0 ..\obj\main.o
 .bss           0x00000000        0x0 ..\obj\main.o
 .text          0x00000000        0x0 ..\obj\lpc11xx_syscon.o
 .data          0x00000000        0x0 ..\obj\lpc11xx_syscon.o
 .bss           0x00000000        0x0 ..\obj\lpc11xx_syscon.o
 .text.SYSCON_MemRemap
                0x00000000       0x18 ..\obj\lpc11xx_syscon.o
 .text.SYSCON_GetLockStatus
                0x00000000       0x34 ..\obj\lpc11xx_syscon.o
 .text.SYSCON_PLLClkSel
                0x00000000       0x18 ..\obj\lpc11xx_syscon.o
 .text.SYSCON_PLLUpdate
                0x00000000       0x2c ..\obj\lpc11xx_syscon.o
 .text.SYSCON_PLLConfig
                0x00000000       0x60 ..\obj\lpc11xx_syscon.o
 .text.SYSCON_PeriphResetCmd
                0x00000000       0x4c ..\obj\lpc11xx_syscon.o
 .text.SYSCON_MCKSel
                0x00000000       0x18 ..\obj\lpc11xx_syscon.o
 .text.SYSCON_MCKUpdate
                0x00000000       0x2c ..\obj\lpc11xx_syscon.o
 .text.SYSCON_SetAHBClockDiv
                0x00000000       0x18 ..\obj\lpc11xx_syscon.o
 .text.SYSCON_SetSPI0ClockDiv
                0x00000000       0x1c ..\obj\lpc11xx_syscon.o
 .text.SYSCON_SetSPI1ClockDiv
                0x00000000       0x1c ..\obj\lpc11xx_syscon.o
 .text.SYSCON_SetUARTClockDiv
                0x00000000       0x1c ..\obj\lpc11xx_syscon.o
 .text.SYSCON_SetWDTClockDiv
                0x00000000       0x1c ..\obj\lpc11xx_syscon.o
 .text.SYSCON_SetCLKOUTClockDiv
                0x00000000       0x1c ..\obj\lpc11xx_syscon.o
 .text.SysOscConfig
                0x00000000       0x40 ..\obj\lpc11xx_syscon.o
 .text.SYSCON_WDTOscConfig
                0x00000000       0x20 ..\obj\lpc11xx_syscon.o
 .text.SYSCON_WDTClkSel
                0x00000000       0x1c ..\obj\lpc11xx_syscon.o
 .text.SYSCON_WDTClkUpdate
                0x00000000       0x34 ..\obj\lpc11xx_syscon.o
 .text.SYSCON_CLKOUTClkSel
                0x00000000       0x20 ..\obj\lpc11xx_syscon.o
 .text.SYSCON_CLKOUTClkDiv
                0x00000000       0x1c ..\obj\lpc11xx_syscon.o
 .text.SYSCON_CLKOUTClkUpdate
                0x00000000       0x34 ..\obj\lpc11xx_syscon.o
 .text.SYSCON_GetPIORstState
                0x00000000      0x10c ..\obj\lpc11xx_syscon.o
 .text.SYSCON_GetPowerSta
                0x00000000       0x48 ..\obj\lpc11xx_syscon.o
 .text.SYSCON_DeepSleepPowerCon
                0x00000000       0x68 ..\obj\lpc11xx_syscon.o
 .text.SYSCON_WakeupPowerCon
                0x00000000       0x68 ..\obj\lpc11xx_syscon.o
 .text.SYSCON_GetWDTOsc
                0x00000000       0xe8 ..\obj\lpc11xx_syscon.o
 .rodata        0x00000000       0x40 ..\obj\lpc11xx_syscon.o
 .text.SYSCON_StartLogicEdge
                0x00000000       0x5c ..\obj\lpc11xx_syscon.o
 .text.SYSCON_StartLogicCmd
                0x00000000       0x5c ..\obj\lpc11xx_syscon.o
 .text.SYSCON_StartLogicReset
                0x00000000       0x20 ..\obj\lpc11xx_syscon.o
 .text.SYSCON_StartLogicStatus
                0x00000000       0x1c ..\obj\lpc11xx_syscon.o
 .text.SYSCON_GetWDTClock
                0x00000000       0x7c ..\obj\lpc11xx_syscon.o
 .text.SYSCON_GetSSP0Clock
                0x00000000       0x5c ..\obj\lpc11xx_syscon.o
 .text.SYSCON_GetUARTClock
                0x00000000       0x40 ..\obj\lpc11xx_syscon.o
 .text          0x00000000        0x0 ..\obj\lpc11xx_iocon.o
 .data          0x00000000        0x0 ..\obj\lpc11xx_iocon.o
 .bss           0x00000000        0x0 ..\obj\lpc11xx_iocon.o
 .text.IOCON_SCK0Locate
                0x00000000       0x20 ..\obj\lpc11xx_iocon.o
 .text.IOCON_DSRLocate
                0x00000000       0x20 ..\obj\lpc11xx_iocon.o
 .text.IOCON_DCDLocate
                0x00000000       0x20 ..\obj\lpc11xx_iocon.o
 .text.IOCON_RILocate
                0x00000000       0x20 ..\obj\lpc11xx_iocon.o
 .text.IOCON_SetPinMode
                0x00000000       0x34 ..\obj\lpc11xx_iocon.o
 .text.IOCON_SetPinHys
                0x00000000       0x48 ..\obj\lpc11xx_iocon.o
 .text.IOCON_SetI2CMode
                0x00000000       0x4c ..\obj\lpc11xx_iocon.o
 .text          0x00000000        0x0 ..\obj\syscalls.o
 .data          0x00000000        0x0 ..\obj\syscalls.o
 .bss           0x00000000        0x4 ..\obj\syscalls.o
 .text._sbrk    0x00000000       0x3c ..\obj\syscalls.o
 .text.link     0x00000000       0x18 ..\obj\syscalls.o
 .text._close   0x00000000       0x14 ..\obj\syscalls.o
 .text._fstat   0x00000000       0x1c ..\obj\syscalls.o
 .text._isatty  0x00000000       0x14 ..\obj\syscalls.o
 .text._lseek   0x00000000       0x18 ..\obj\syscalls.o
 .text._read    0x00000000       0x18 ..\obj\syscalls.o
 .text._write   0x00000000       0x18 ..\obj\syscalls.o
 .text.abort    0x00000000        0x8 ..\obj\syscalls.o
 .debug_info    0x00000000      0x443 ..\obj\syscalls.o
 .debug_abbrev  0x00000000       0xe4 ..\obj\syscalls.o
 .debug_loc     0x00000000      0x1ec ..\obj\syscalls.o
 .debug_aranges
                0x00000000       0x60 ..\obj\syscalls.o
 .debug_ranges  0x00000000       0x50 ..\obj\syscalls.o
 .debug_line    0x00000000      0x1bc ..\obj\syscalls.o
 .debug_str     0x00000000      0x2dc ..\obj\syscalls.o
 .comment       0x00000000       0x71 ..\obj\syscalls.o
 .ARM.attributes
                0x00000000       0x31 ..\obj\syscalls.o
 .debug_frame   0x00000000      0x12c ..\obj\syscalls.o
 .text          0x00000000        0x0 ..\obj\lpc11xx_adc.o
 .data          0x00000000        0x0 ..\obj\lpc11xx_adc.o
 .bss           0x00000000        0x0 ..\obj\lpc11xx_adc.o
 .text.ADC_DeInit
                0x00000000       0x1c ..\obj\lpc11xx_adc.o
 .text.ADC_GetData
                0x00000000       0x28 ..\obj\lpc11xx_adc.o
 .text.ADC_BurstCmd
                0x00000000       0x3c ..\obj\lpc11xx_adc.o
 .text.ADC_SetConvClock
                0x00000000       0x3c ..\obj\lpc11xx_adc.o
 .text.ADC_EdgeStartConfig
                0x00000000       0x3c ..\obj\lpc11xx_adc.o
 .text.ADC_GlobalGetData
                0x00000000       0x1c ..\obj\lpc11xx_adc.o
 .text.ADC_GlobalGetStatus
                0x00000000       0x40 ..\obj\lpc11xx_adc.o
 .text          0x00000000        0x0 ..\obj\startup_lpc11xx.o
 .data          0x00000000        0x0 ..\obj\startup_lpc11xx.o
 .bss           0x00000000        0x0 ..\obj\startup_lpc11xx.o
 .text          0x00000000        0x0 ..\obj\lcd.o
 .data          0x00000000        0x0 ..\obj\lcd.o
 .bss           0x00000000        0x0 ..\obj\lcd.o
 .text          0x00000000        0x0 ..\obj\core_cm0.o
 .data          0x00000000        0x0 ..\obj\core_cm0.o
 .bss           0x00000000        0x0 ..\obj\core_cm0.o
 .text.__get_PSP
                0x00000000       0x10 ..\obj\core_cm0.o
 .text.__set_PSP
                0x00000000        0x8 ..\obj\core_cm0.o
 .text.__get_MSP
                0x00000000       0x10 ..\obj\core_cm0.o
 .text.__set_MSP
                0x00000000        0x8 ..\obj\core_cm0.o
 .text.__get_PRIMASK
                0x00000000       0x1c ..\obj\core_cm0.o
 .text.__set_PRIMASK
                0x00000000       0x14 ..\obj\core_cm0.o
 .text.__get_CONTROL
                0x00000000       0x1c ..\obj\core_cm0.o
 .text.__set_CONTROL
                0x00000000       0x14 ..\obj\core_cm0.o
 .text.__REV    0x00000000       0x1c ..\obj\core_cm0.o
 .text.__REV16  0x00000000       0x24 ..\obj\core_cm0.o
 .text.__REVSH  0x00000000       0x24 ..\obj\core_cm0.o
 .debug_info    0x00000000      0x2ae ..\obj\core_cm0.o
 .debug_abbrev  0x00000000       0xdb ..\obj\core_cm0.o
 .debug_loc     0x00000000      0x188 ..\obj\core_cm0.o
 .debug_aranges
                0x00000000       0x70 ..\obj\core_cm0.o
 .debug_ranges  0x00000000       0x60 ..\obj\core_cm0.o
 .debug_line    0x00000000      0x1db ..\obj\core_cm0.o
 .debug_str     0x00000000      0x1f9 ..\obj\core_cm0.o
 .comment       0x00000000       0x71 ..\obj\core_cm0.o
 .ARM.attributes
                0x00000000       0x31 ..\obj\core_cm0.o
 .debug_frame   0x00000000      0x130 ..\obj\core_cm0.o
 .data          0x00000000        0x0 c:/program files (x86)/gnu tools arm embedded/4.7 2013q2/bin/../lib/gcc/arm-none-eabi/4.7.4/armv6-m\libgcc.a(_udivsi3.o)
 .bss           0x00000000        0x0 c:/program files (x86)/gnu tools arm embedded/4.7 2013q2/bin/../lib/gcc/arm-none-eabi/4.7.4/armv6-m\libgcc.a(_udivsi3.o)
 .data          0x00000000        0x0 c:/program files (x86)/gnu tools arm embedded/4.7 2013q2/bin/../lib/gcc/arm-none-eabi/4.7.4/armv6-m\libgcc.a(_divsi3.o)
 .bss           0x00000000        0x0 c:/program files (x86)/gnu tools arm embedded/4.7 2013q2/bin/../lib/gcc/arm-none-eabi/4.7.4/armv6-m\libgcc.a(_divsi3.o)
 .data          0x00000000        0x0 c:/program files (x86)/gnu tools arm embedded/4.7 2013q2/bin/../lib/gcc/arm-none-eabi/4.7.4/armv6-m\libgcc.a(_dvmd_tls.o)
 .bss           0x00000000        0x0 c:/program files (x86)/gnu tools arm embedded/4.7 2013q2/bin/../lib/gcc/arm-none-eabi/4.7.4/armv6-m\libgcc.a(_dvmd_tls.o)
 .data          0x00000000        0x0 c:/program files (x86)/gnu tools arm embedded/4.7 2013q2/bin/../lib/gcc/arm-none-eabi/4.7.4/armv6-m\libgcc.a(divdf3.o)
 .bss           0x00000000        0x0 c:/program files (x86)/gnu tools arm embedded/4.7 2013q2/bin/../lib/gcc/arm-none-eabi/4.7.4/armv6-m\libgcc.a(divdf3.o)
 .data          0x00000000        0x0 c:/program files (x86)/gnu tools arm embedded/4.7 2013q2/bin/../lib/gcc/arm-none-eabi/4.7.4/armv6-m\libgcc.a(muldf3.o)
 .bss           0x00000000        0x0 c:/program files (x86)/gnu tools arm embedded/4.7 2013q2/bin/../lib/gcc/arm-none-eabi/4.7.4/armv6-m\libgcc.a(muldf3.o)
 .data          0x00000000        0x0 c:/program files (x86)/gnu tools arm embedded/4.7 2013q2/bin/../lib/gcc/arm-none-eabi/4.7.4/armv6-m\libgcc.a(fixdfsi.o)
 .bss           0x00000000        0x0 c:/program files (x86)/gnu tools arm embedded/4.7 2013q2/bin/../lib/gcc/arm-none-eabi/4.7.4/armv6-m\libgcc.a(fixdfsi.o)
 .data          0x00000000        0x0 c:/program files (x86)/gnu tools arm embedded/4.7 2013q2/bin/../lib/gcc/arm-none-eabi/4.7.4/armv6-m\libgcc.a(floatsidf.o)
 .bss           0x00000000        0x0 c:/program files (x86)/gnu tools arm embedded/4.7 2013q2/bin/../lib/gcc/arm-none-eabi/4.7.4/armv6-m\libgcc.a(floatsidf.o)
 .data          0x00000000        0x0 c:/program files (x86)/gnu tools arm embedded/4.7 2013q2/bin/../lib/gcc/arm-none-eabi/4.7.4/armv6-m\libgcc.a(_clzsi2.o)
 .bss           0x00000000        0x0 c:/program files (x86)/gnu tools arm embedded/4.7 2013q2/bin/../lib/gcc/arm-none-eabi/4.7.4/armv6-m\libgcc.a(_clzsi2.o)

Memory Configuration

Name             Origin             Length             Attributes
rom              0x00000000         0x00008000         xr
ram              0x10000000         0x00002000         xrw
*default*        0x00000000         0xffffffff

Linker script and memory map

                0x10002000                _eram = 0x10002000

.text           0x00000000     0x1a78
 *(.isr_vector)
 .isr_vector    0x00000000       0xc0 ..\obj\startup_lpc11xx.o
                0x00000000                g_pfnVectors
 *(.text*)
 .text.del      0x000000c0       0x38 ..\obj\Simple_ADC.o
                0x000000c0                del
 .text.ADCExp   0x000000f8      0x210 ..\obj\Simple_ADC.o
                0x000000f8                ADCExp
 .text.Main_PLL_Setup
                0x00000308       0xc4 ..\obj\system_LPC11xx.o
                0x00000308                Main_PLL_Setup
 .text.SystemInit
                0x000003cc       0x70 ..\obj\system_LPC11xx.o
                0x000003cc                SystemInit
 .text.main     0x0000043c       0x2c ..\obj\main.o
                0x0000043c                main
 .text.SYSCON_AHBPeriphClockCmd
                0x00000468       0x58 ..\obj\lpc11xx_syscon.o
                0x00000468                SYSCON_AHBPeriphClockCmd
 .text.SYSCON_PowerCon
                0x000004c0       0x68 ..\obj\lpc11xx_syscon.o
                0x000004c0                SYSCON_PowerCon
 .text.IOCON_SetPinFunc
                0x00000528       0x44 ..\obj\lpc11xx_iocon.o
                0x00000528                IOCON_SetPinFunc
 .text.ADC_Init
                0x0000056c       0x58 ..\obj\lpc11xx_adc.o
                0x0000056c                ADC_Init
 .text.ADC_StartCmd
                0x000005c4       0x38 ..\obj\lpc11xx_adc.o
                0x000005c4                ADC_StartCmd
 .text.ADC_IntConfig
                0x000005fc       0x54 ..\obj\lpc11xx_adc.o
                0x000005fc                ADC_IntConfig
 .text.ADC_ChannelCmd
                0x00000650       0x54 ..\obj\lpc11xx_adc.o
                0x00000650                ADC_ChannelCmd
 .text.ADC_PinsInit
                0x000006a4       0xb4 ..\obj\lpc11xx_adc.o
                0x000006a4                ADC_PinsInit
 .text.ADC_ChannelGetData
                0x00000758       0x34 ..\obj\lpc11xx_adc.o
                0x00000758                ADC_ChannelGetData
 .text.ADC_ChannelGetStatus
                0x0000078c       0x50 ..\obj\lpc11xx_adc.o
                0x0000078c                ADC_ChannelGetStatus
 .text.Default_Reset_Handler
                0x000007dc       0x68 ..\obj\startup_lpc11xx.o
                0x000007dc                Default_Reset_Handler
                0x000007dc                Reset_Handler
 .text.Default_Handler
                0x00000844        0x8 ..\obj\startup_lpc11xx.o
                0x00000844                TIMER16_0_IRQHandler
                0x00000844                DebugMon_Handler
                0x00000844                HardFault_Handler
                0x00000844                SysTick_Handler
                0x00000844                PendSV_Handler
                0x00000844                NMI_Handler
                0x00000844                UART_IRQHandler
                0x00000844                TIMER32_0_IRQHandler
                0x00000844                TIMER32_1_IRQHandler
                0x00000844                UsageFault_Handler
                0x00000844                PIOINT1_IRQHandler
                0x00000844                CAN_IRQHandler
                0x00000844                SSP0_IRQHandler
                0x00000844                TIMER16_1_IRQHandler
                0x00000844                USB_FIQHandler
                0x00000844                ADC_IRQHandler
                0x00000844                SSP1_IRQHandler
                0x00000844                PIOINT2_IRQHandler
                0x00000844                USB_IRQHandler
                0x00000844                BOD_IRQHandler
                0x00000844                WAKEUP_IRQHandler
                0x00000844                PIOINT0_IRQHandler
                0x00000844                I2C_IRQHandler
                0x00000844                MemManage_Handler
                0x00000844                WDT_IRQHandler
                0x00000844                SVC_Handler
                0x00000844                PIOINT3_IRQHandler
                0x00000844                BusFault_Handler
                0x00000844                FMC_IRQHandler
 .text.delay    0x0000084c       0x3c ..\obj\lcd.o
                0x0000084c                delay
 .text.wait_lcd
                0x00000888       0x90 ..\obj\lcd.o
                0x00000888                wait_lcd
 .text.lcd_command_write
                0x00000918      0x128 ..\obj\lcd.o
                0x00000918                lcd_command_write
 .text.set_lcd_port_output
                0x00000a40       0x54 ..\obj\lcd.o
                0x00000a40                set_lcd_port_output
 .text.lcd_clear
                0x00000a94       0x10 ..\obj\lcd.o
                0x00000a94                lcd_clear
 .text.lcd_gotoxy
                0x00000aa4       0x58 ..\obj\lcd.o
                0x00000aa4                lcd_gotoxy
 .text.lcd_data_write
                0x00000afc      0x110 ..\obj\lcd.o
                0x00000afc                lcd_data_write
 .text.lcd_putchar
                0x00000c0c       0x18 ..\obj\lcd.o
                0x00000c0c                lcd_putchar
 .text.lcd_putstring
                0x00000c24       0x60 ..\obj\lcd.o
                0x00000c24                lcd_putstring
 .text.init_lcd
                0x00000c84       0x30 ..\obj\lcd.o
                0x00000c84                init_lcd
 .text          0x00000cb4       0x9c c:/program files (x86)/gnu tools arm embedded/4.7 2013q2/bin/../lib/gcc/arm-none-eabi/4.7.4/armv6-m\libgcc.a(_udivsi3.o)
                0x00000cb4                __aeabi_uidiv
                0x00000cb4                __udivsi3
                0x00000d3c                __aeabi_uidivmod
 .text          0x00000d50       0xc0 c:/program files (x86)/gnu tools arm embedded/4.7 2013q2/bin/../lib/gcc/arm-none-eabi/4.7.4/armv6-m\libgcc.a(_divsi3.o)
                0x00000d50                __divsi3
                0x00000d50                __aeabi_idiv
                0x00000dfc                __aeabi_idivmod
 .text          0x00000e10        0x4 c:/program files (x86)/gnu tools arm embedded/4.7 2013q2/bin/../lib/gcc/arm-none-eabi/4.7.4/armv6-m\libgcc.a(_dvmd_tls.o)
                0x00000e10                __aeabi_idiv0
                0x00000e10                __aeabi_ldiv0
 .text          0x00000e14      0x5b8 c:/program files (x86)/gnu tools arm embedded/4.7 2013q2/bin/../lib/gcc/arm-none-eabi/4.7.4/armv6-m\libgcc.a(divdf3.o)
                0x00000e14                __aeabi_ddiv
 .text          0x000013cc      0x4e4 c:/program files (x86)/gnu tools arm embedded/4.7 2013q2/bin/../lib/gcc/arm-none-eabi/4.7.4/armv6-m\libgcc.a(muldf3.o)
                0x000013cc                __aeabi_dmul
 .text          0x000018b0       0x68 c:/program files (x86)/gnu tools arm embedded/4.7 2013q2/bin/../lib/gcc/arm-none-eabi/4.7.4/armv6-m\libgcc.a(fixdfsi.o)
                0x000018b0                __aeabi_d2iz
 .text          0x00001918       0x74 c:/program files (x86)/gnu tools arm embedded/4.7 2013q2/bin/../lib/gcc/arm-none-eabi/4.7.4/armv6-m\libgcc.a(floatsidf.o)
                0x00001918                __aeabi_i2d
 .text          0x0000198c       0x3c c:/program files (x86)/gnu tools arm embedded/4.7 2013q2/bin/../lib/gcc/arm-none-eabi/4.7.4/armv6-m\libgcc.a(_clzsi2.o)
                0x0000198c                __clzsi2
 *(.init)
 *(.fini)
 *crtbegin.o(.ctors)
 *crtbegin?.o(.ctors)
 *(EXCLUDE_FILE(*crtend.o *crtend?.o) .ctors)
 *(SORT(.ctors.*))
 *(.ctors)
 *crtbegin.o(.dtors)
 *crtbegin?.o(.dtors)
 *(EXCLUDE_FILE(*crtend.o *crtend?.o) .dtors)
 *(SORT(.dtors.*))
 *(.dtors)
 *(.rodata*)
 .rodata        0x000019c8       0x10 ..\obj\main.o
 .rodata        0x000019d8       0x20 ..\obj\lpc11xx_adc.o
 .rodata        0x000019f8       0x40 c:/program files (x86)/gnu tools arm embedded/4.7 2013q2/bin/../lib/gcc/arm-none-eabi/4.7.4/armv6-m\libgcc.a(divdf3.o)
 .rodata        0x00001a38       0x40 c:/program files (x86)/gnu tools arm embedded/4.7 2013q2/bin/../lib/gcc/arm-none-eabi/4.7.4/armv6-m\libgcc.a(muldf3.o)
 *(.eh_fram e*)

.glue_7         0x00001a78        0x0
 .glue_7        0x00000000        0x0 linker stubs

.glue_7t        0x00001a78        0x0
 .glue_7t       0x00000000        0x0 linker stubs

.vfp11_veneer   0x00001a78        0x0
 .vfp11_veneer  0x00000000        0x0 linker stubs

.v4_bx          0x00001a78        0x0
 .v4_bx         0x00000000        0x0 linker stubs

.iplt           0x00001a78        0x0
 .iplt          0x00000000        0x0 ..\obj\Simple_ADC.o

.rel.dyn        0x00001a78        0x0
 .rel.iplt      0x00000000        0x0 ..\obj\Simple_ADC.o

.ARM.extab
 *(.ARM.extab* .gnu.linkonce.armextab.*)
                0x00001a78                __exidx_start = .

.ARM.exidx
 *(.ARM.exidx* .gnu.linkonce.armexidx.*)
                0x00001a78                __exidx_end = .
                0x00001a78                __etext = .
                0x00001a78                _sidata = __etext

.data           0x10000000        0xc load address 0x00001a78
                0x10000000                __data_start__ = .
                0x10000000                _sdata = __data_start__
 *(vtable)
 *(.data*)
 .data          0x10000000        0xc ..\obj\system_LPC11xx.o
                0x10000000                ClockSource
                0x10000004                SystemFrequency
                0x10000008                SystemAHBFrequency
                0x1000000c                . = ALIGN (0x4)
                0x1000000c                PROVIDE (__preinit_array_start, .)
 *(.preinit_array)
                0x1000000c                PROVIDE (__preinit_array_end, .)
                0x1000000c                . = ALIGN (0x4)
                0x1000000c                PROVIDE (__init_array_start, .)
 *(SORT(.init_array.*))
 *(.init_array)
                0x1000000c                PROVIDE (__init_array_end, .)
                0x1000000c                . = ALIGN (0x4)
                0x1000000c                PROVIDE (__fini_array_start, .)
 *(SORT(.fini_array.*))
 *(.fini_array)
                0x1000000c                PROVIDE (__fini_array_end, .)
 *(.jcr*)
                0x1000000c                . = ALIGN (0x4)
                0x1000000c                __data_end__ = .
                0x1000000c                _edata = __data_end__

.igot.plt       0x1000000c        0x0 load address 0x00001a84
 .igot.plt      0x00000000        0x0 ..\obj\Simple_ADC.o

.bss            0x1000000c        0x0
                0x1000000c                . = ALIGN (0x4)
                0x1000000c                __bss_start__ = .
                0x1000000c                _sbss = __bss_start__
 *(.bss*)
 *(COMMON)
                0x1000000c                . = ALIGN (0x4)
                0x1000000c                __bss_end__ = .
                0x1000000c                _ebss = __bss_end__

.heap           0x1000000c        0x0
                0x1000000c                __end__ = .
                0x1000000c                _end = __end__
                0x1000000c                end = __end__
 *(.heap*)
                0x1000000c                __HeapLimit = .

.co_stack       0x1000000c      0x404 load address 0x00001a84
                0x10000010                . = ALIGN (0x8)
 *fill*         0x1000000c        0x4 00
 *(.co_stack .co_stack.*)
 .co_stack      0x10000010      0x400 ..\obj\startup_lpc11xx.o
                0x10000010                pulStack
                0x10002000                __StackTop = (ORIGIN (ram) + 0x2000)
                0x10001bfc                __StackLimit = (__StackTop - SIZEOF (.co_stack))
                0x10002000                PROVIDE (__stack, __StackTop)
                0x00000001                ASSERT ((__StackLimit >= __HeapLimit), region ram  overflowed with stack)
LOAD ..\obj\Simple_ADC.o
LOAD ..\obj\system_LPC11xx.o
LOAD ..\obj\main.o
LOAD ..\obj\lpc11xx_syscon.o
LOAD ..\obj\lpc11xx_iocon.o
LOAD ..\obj\syscalls.o
LOAD ..\obj\lpc11xx_adc.o
LOAD ..\obj\startup_lpc11xx.o
LOAD ..\obj\lcd.o
LOAD ..\obj\core_cm0.o
START GROUP
LOAD c:/program files (x86)/gnu tools arm embedded/4.7 2013q2/bin/../lib/gcc/arm-none-eabi/4.7.4/armv6-m\libgcc.a
LOAD c:/program files (x86)/gnu tools arm embedded/4.7 2013q2/bin/../lib/gcc/arm-none-eabi/4.7.4/../../../../arm-none-eabi/lib/armv6-m\libg.a
LOAD c:/program files (x86)/gnu tools arm embedded/4.7 2013q2/bin/../lib/gcc/arm-none-eabi/4.7.4/../../../../arm-none-eabi/lib/armv6-m\libc.a
END GROUP
OUTPUT(mX-LPC1114_adc.elf elf32-littlearm)

.debug_info     0x00000000     0x26f9
 .debug_info    0x00000000      0x20e ..\obj\Simple_ADC.o
 .debug_info    0x0000020e      0x5a4 ..\obj\system_LPC11xx.o
 .debug_info    0x000007b2       0x60 ..\obj\main.o
 .debug_info    0x00000812      0xc45 ..\obj\lpc11xx_syscon.o
 .debug_info    0x00001457      0x614 ..\obj\lpc11xx_iocon.o
 .debug_info    0x00001a6b      0x7ef ..\obj\lpc11xx_adc.o
 .debug_info    0x0000225a      0x118 ..\obj\startup_lpc11xx.o
 .debug_info    0x00002372      0x387 ..\obj\lcd.o

.debug_abbrev   0x00000000      0x88f
 .debug_abbrev  0x00000000       0xad ..\obj\Simple_ADC.o
 .debug_abbrev  0x000000ad       0xd6 ..\obj\system_LPC11xx.o
 .debug_abbrev  0x00000183       0x51 ..\obj\main.o
 .debug_abbrev  0x000001d4      0x1de ..\obj\lpc11xx_syscon.o
 .debug_abbrev  0x000003b2       0xe1 ..\obj\lpc11xx_iocon.o
 .debug_abbrev  0x00000493      0x1c4 ..\obj\lpc11xx_adc.o
 .debug_abbrev  0x00000657       0xa9 ..\obj\startup_lpc11xx.o
 .debug_abbrev  0x00000700      0x18f ..\obj\lcd.o

.debug_loc      0x00000000      0xfcc
 .debug_loc     0x00000000       0x70 ..\obj\Simple_ADC.o
 .debug_loc     0x00000070       0xa8 ..\obj\system_LPC11xx.o
 .debug_loc     0x00000118       0x2c ..\obj\main.o
 .debug_loc     0x00000144      0x76c ..\obj\lpc11xx_syscon.o
 .debug_loc     0x000008b0      0x1c0 ..\obj\lpc11xx_iocon.o
 .debug_loc     0x00000a70      0x2f8 ..\obj\lpc11xx_adc.o
 .debug_loc     0x00000d68       0x64 ..\obj\startup_lpc11xx.o
 .debug_loc     0x00000dcc      0x200 ..\obj\lcd.o

.debug_aranges  0x00000000      0x318
 .debug_aranges
                0x00000000       0x28 ..\obj\Simple_ADC.o
 .debug_aranges
                0x00000028       0x30 ..\obj\system_LPC11xx.o
 .debug_aranges
                0x00000058       0x20 ..\obj\main.o
 .debug_aranges
                0x00000078      0x130 ..\obj\lpc11xx_syscon.o
 .debug_aranges
                0x000001a8       0x58 ..\obj\lpc11xx_iocon.o
 .debug_aranges
                0x00000200       0x88 ..\obj\lpc11xx_adc.o
 .debug_aranges
                0x00000288       0x28 ..\obj\startup_lpc11xx.o
 .debug_aranges
                0x000002b0       0x68 ..\obj\lcd.o

.debug_ranges   0x00000000      0x298
 .debug_ranges  0x00000000       0x18 ..\obj\Simple_ADC.o
 .debug_ranges  0x00000018       0x20 ..\obj\system_LPC11xx.o
 .debug_ranges  0x00000038       0x10 ..\obj\main.o
 .debug_ranges  0x00000048      0x120 ..\obj\lpc11xx_syscon.o
 .debug_ranges  0x00000168       0x48 ..\obj\lpc11xx_iocon.o
 .debug_ranges  0x000001b0       0x78 ..\obj\lpc11xx_adc.o
 .debug_ranges  0x00000228       0x18 ..\obj\startup_lpc11xx.o
 .debug_ranges  0x00000240       0x58 ..\obj\lcd.o

.debug_line     0x00000000     0x1245
 .debug_line    0x00000000      0x200 ..\obj\Simple_ADC.o
 .debug_line    0x00000200      0x1b1 ..\obj\system_LPC11xx.o
 .debug_line    0x000003b1       0x89 ..\obj\main.o
 .debug_line    0x0000043a      0x529 ..\obj\lpc11xx_syscon.o
 .debug_line    0x00000963      0x281 ..\obj\lpc11xx_iocon.o
 .debug_line    0x00000be4      0x32c ..\obj\lpc11xx_adc.o
 .debug_line    0x00000f10       0xc2 ..\obj\startup_lpc11xx.o
 .debug_line    0x00000fd2      0x273 ..\obj\lcd.o

.debug_str      0x00000000     0x1334
 .debug_str     0x00000000      0x348 ..\obj\Simple_ADC.o
                                0x381 (size before relaxing)
 .debug_str     0x00000348      0x3ad ..\obj\system_LPC11xx.o
                                0x483 (size before relaxing)
 .debug_str     0x000006f5       0x67 ..\obj\main.o
                                 0xb0 (size before relaxing)
 .debug_str     0x0000075c      0x456 ..\obj\lpc11xx_syscon.o
                                0x844 (size before relaxing)
 .debug_str     0x00000bb2      0x37e ..\obj\lpc11xx_iocon.o
                                0x4e4 (size before relaxing)
 .debug_str     0x00000f30      0x22d ..\obj\lpc11xx_adc.o
                                0x5a5 (size before relaxing)
 .debug_str     0x0000115d       0xd8 ..\obj\startup_lpc11xx.o
                                0x13c (size before relaxing)
 .debug_str     0x00001235       0xff ..\obj\lcd.o
                                0x20e (size before relaxing)

.comment        0x00000000       0x70
 .comment       0x00000000       0x70 ..\obj\Simple_ADC.o
                                 0x71 (size before relaxing)
 .comment       0x00000000       0x71 ..\obj\system_LPC11xx.o
 .comment       0x00000000       0x71 ..\obj\main.o
 .comment       0x00000000       0x71 ..\obj\lpc11xx_syscon.o
 .comment       0x00000000       0x71 ..\obj\lpc11xx_iocon.o
 .comment       0x00000000       0x71 ..\obj\lpc11xx_adc.o
 .comment       0x00000000       0x71 ..\obj\startup_lpc11xx.o
 .comment       0x00000000       0x71 ..\obj\lcd.o

.ARM.attributes
                0x00000000       0x31
 .ARM.attributes
                0x00000000       0x31 ..\obj\Simple_ADC.o
 .ARM.attributes
                0x00000031       0x31 ..\obj\system_LPC11xx.o
 .ARM.attributes
                0x00000062       0x31 ..\obj\main.o
 .ARM.attributes
                0x00000093       0x31 ..\obj\lpc11xx_syscon.o
 .ARM.attributes
                0x000000c4       0x31 ..\obj\lpc11xx_iocon.o
 .ARM.attributes
                0x000000f5       0x31 ..\obj\lpc11xx_adc.o
 .ARM.attributes
                0x00000126       0x31 ..\obj\startup_lpc11xx.o
 .ARM.attributes
                0x00000157       0x31 ..\obj\lcd.o
 .ARM.attributes
                0x00000188       0x1e c:/program files (x86)/gnu tools arm embedded/4.7 2013q2/bin/../lib/gcc/arm-none-eabi/4.7.4/armv6-m\libgcc.a(_udivsi3.o)
 .ARM.attributes
                0x000001a6       0x1e c:/program files (x86)/gnu tools arm embedded/4.7 2013q2/bin/../lib/gcc/arm-none-eabi/4.7.4/armv6-m\libgcc.a(_divsi3.o)
 .ARM.attributes
                0x000001c4       0x1e c:/program files (x86)/gnu tools arm embedded/4.7 2013q2/bin/../lib/gcc/arm-none-eabi/4.7.4/armv6-m\libgcc.a(_dvmd_tls.o)
 .ARM.attributes
                0x000001e2       0x2c c:/program files (x86)/gnu tools arm embedded/4.7 2013q2/bin/../lib/gcc/arm-none-eabi/4.7.4/armv6-m\libgcc.a(divdf3.o)
 .ARM.attributes
                0x0000020e       0x2c c:/program files (x86)/gnu tools arm embedded/4.7 2013q2/bin/../lib/gcc/arm-none-eabi/4.7.4/armv6-m\libgcc.a(muldf3.o)
 .ARM.attributes
                0x0000023a       0x2c c:/program files (x86)/gnu tools arm embedded/4.7 2013q2/bin/../lib/gcc/arm-none-eabi/4.7.4/armv6-m\libgcc.a(fixdfsi.o)
 .ARM.attributes
                0x00000266       0x2c c:/program files (x86)/gnu tools arm embedded/4.7 2013q2/bin/../lib/gcc/arm-none-eabi/4.7.4/armv6-m\libgcc.a(floatsidf.o)
 .ARM.attributes
                0x00000292       0x1e c:/program files (x86)/gnu tools arm embedded/4.7 2013q2/bin/../lib/gcc/arm-none-eabi/4.7.4/armv6-m\libgcc.a(_clzsi2.o)

.debug_frame    0x00000000      0xac0
 .debug_frame   0x00000000       0x50 ..\obj\Simple_ADC.o
 .debug_frame   0x00000050       0x70 ..\obj\system_LPC11xx.o
 .debug_frame   0x000000c0       0x2c ..\obj\main.o
 .debug_frame   0x000000ec      0x45c ..\obj\lpc11xx_syscon.o
 .debug_frame   0x00000548      0x110 ..\obj\lpc11xx_iocon.o
 .debug_frame   0x00000658      0x1c8 ..\obj\lpc11xx_adc.o
 .debug_frame   0x00000820       0x4c ..\obj\startup_lpc11xx.o
 .debug_frame   0x0000086c      0x140 ..\obj\lcd.o
 .debug_frame   0x000009ac       0x20 c:/program files (x86)/gnu tools arm embedded/4.7 2013q2/bin/../lib/gcc/arm-none-eabi/4.7.4/armv6-m\libgcc.a(_udivsi3.o)
 .debug_frame   0x000009cc       0x20 c:/program files (x86)/gnu tools arm embedded/4.7 2013q2/bin/../lib/gcc/arm-none-eabi/4.7.4/armv6-m\libgcc.a(_divsi3.o)
 .debug_frame   0x000009ec       0x3c c:/program files (x86)/gnu tools arm embedded/4.7 2013q2/bin/../lib/gcc/arm-none-eabi/4.7.4/armv6-m\libgcc.a(divdf3.o)
 .debug_frame   0x00000a28       0x3c c:/program files (x86)/gnu tools arm embedded/4.7 2013q2/bin/../lib/gcc/arm-none-eabi/4.7.4/armv6-m\libgcc.a(muldf3.o)
 .debug_frame   0x00000a64       0x2c c:/program files (x86)/gnu tools arm embedded/4.7 2013q2/bin/../lib/gcc/arm-none-eabi/4.7.4/armv6-m\libgcc.a(fixdfsi.o)
 .debug_frame   0x00000a90       0x30 c:/program files (x86)/gnu tools arm embedded/4.7 2013q2/bin/../lib/gcc/arm-none-eabi/4.7.4/armv6-m\libgcc.a(floatsidf.o)
